node.exe : Failed to compile.
At C:\Users\Justin\AppData\Local\fnm_multishells\21948_1754877919140\npx.ps1:16 char:5
+     & "$basedir/node$exe"  "$basedir/node_modules/npm/bin/npx-cli.js" ...
+     ~~~~~~~~~~~~~~~~~~~~~~~~~~~~~~~~~~~~~~~~~~~~~~~~~~~~~~~~~~~~~~~~~
    + CategoryInfo          : NotSpecified: (Failed to compile.:String) [], RemoteException
    + FullyQualifiedErrorId : NativeCommandError
 

./src/app/[...slug]/page.tsx:32:32
Type error: 'storyblokApi' is possibly 'null'.

[0m [90m 30 |[39m         [36mconst[39m slug [33m=[39m [33mArray[39m[33m.[39misArray(params[33m.[39mslug) [33m?[39m params[33m.[39mslug[33m.[39mjoin([32m'/'[39m) [33m:[39m (params[33m.[39mslug [33m||[39m 
[32m'home'[39m)[33m;[39m[0m
[0m [90m 31 |[39m         [0m
[0m[31m[1m>[22m[39m[90m 32 |[39m         [36mconst[39m { data } [33m=[39m [36mawait[39m storyblokApi[33m.[39m[36mget[39m([32m`cdn/stories/${slug}`[39m[33m,[39m {[0m
[0m [90m    |[39m                                [31m[1m^[22m[39m[0m
[0m [90m 33 |[39m           version[33m:[39m [32m'draft'[39m[33m,[39m[0m
[0m [90m 34 |[39m           resolve_links[33m:[39m [32m'url'[39m[33m,[39m[0m
[0m [90m 35 |[39m           resolve_relations[33m:[39m [[32m'beer_list_reference.reference'[39m][0m
Next.js build worker exited with code: 1 and signal: null
[?25h
